   Compiling version_check v0.9.5
   Compiling proc-macro2 v1.0.106
   Compiling quote v1.0.45
   Compiling unicode-ident v1.0.24
   Compiling serde_core v1.0.228
   Compiling libc v0.2.186
   Compiling serde v1.0.228
   Compiling find-msvc-tools v0.1.9
   Compiling shlex v1.3.0
   Compiling typenum v1.20.0
   Compiling getrandom v0.3.4
   Compiling cc v1.2.62
   Compiling zerocopy v0.8.57
   Compiling generic-array v0.14.7
   Compiling cfg-if v1.0.4
   Compiling ahash v0.8.12
   Compiling hashbrown v0.17.1
   Compiling equivalent v1.0.2
   Compiling zmij v1.0.21
   Compiling memchr v2.8.1
   Compiling sha2-asm v0.6.4
   Compiling itoa v1.0.18
   Compiling indexmap v2.14.0
   Compiling arrayvec v0.7.6
   Compiling once_cell v1.21.4
   Compiling toml_write v0.1.2
   Compiling syn v2.0.117
   Compiling serde_json v1.0.150
   Compiling winnow v0.7.15
   Compiling bytemuck v1.25.2
   Compiling rgb v0.8.53
   Compiling cpufeatures v0.2.17
   Compiling num-format v0.4.4
   Compiling block-buffer v0.10.4
   Compiling crypto-common v0.1.7
   Compiling quick-xml v0.39.4
   Compiling digest v0.10.7
   Compiling serde_derive v1.0.228
   Compiling log v0.4.34
   Compiling str_stack v0.1.1
   Compiling rustc-demangle v0.1.27
   Compiling sha2 v0.10.9
   Compiling inferno v0.12.6
   Compiling serde_spanned v0.6.9
   Compiling toml_datetime v0.6.11
   Compiling toml_edit v0.22.27
   Compiling toml v0.8.23
   Compiling flock-performance v0.1.0 (/private/tmp/flock-profile-source-40934-1789058443482158000/tools/performance)
    Finished `release` profile [optimized] target(s) in 10.76s
