   Compiling proc-macro2 v1.0.106
   Compiling unicode-ident v1.0.24
   Compiling quote v1.0.45
   Compiling serde_core v1.0.228
   Compiling shlex v1.3.0
   Compiling find-msvc-tools v0.1.9
   Compiling version_check v0.9.5
   Compiling serde v1.0.228
   Compiling libc v0.2.186
   Compiling crossbeam-utils v0.8.21
   Compiling typenum v1.20.0
   Compiling cc v1.2.62
   Compiling rayon-core v1.13.0
   Compiling generic-array v0.14.7
   Compiling equivalent v1.0.2
   Compiling cfg-if v1.0.4
   Compiling hashbrown v0.17.1
   Compiling toml_write v0.1.2
   Compiling indexmap v2.14.0
   Compiling winnow v0.7.15
   Compiling sha2-asm v0.6.4
   Compiling blake3 v1.8.5
   Compiling syn v2.0.117
   Compiling syn v3.0.5
   Compiling crossbeam-epoch v0.9.18
   Compiling block-buffer v0.10.4
   Compiling crypto-common v0.1.7
   Compiling crossbeam-deque v0.8.6
   Compiling thiserror v2.0.20
   Compiling digest v0.10.7
   Compiling constant_time_eq v0.4.2
   Compiling either v1.16.0
   Compiling arrayvec v0.7.6
   Compiling arrayref v0.3.9
   Compiling zmij v1.0.21
   Compiling serde_json v1.0.150
   Compiling serde_derive v1.0.228
   Compiling cpufeatures v0.2.17
   Compiling thiserror-impl v2.0.20
   Compiling getrandom v0.2.17
   Compiling keccak v0.1.6
   Compiling sha2 v0.10.9
   Compiling rayon v1.12.0
   Compiling itoa v1.0.18
   Compiling memchr v2.8.1
   Compiling sha3 v0.10.9
   Compiling toml_datetime v0.6.11
   Compiling serde_spanned v0.6.9
   Compiling bincode v1.3.3
   Compiling toml_edit v0.22.27
   Compiling toml v0.8.23
   Compiling flock-core v0.1.0 (/private/tmp/flock-profile-source-13341-1789050686471632000/crates/flock-core)
   Compiling veil-f128 v0.1.0 (/private/tmp/flock-profile-source-13341-1789050686471632000/crates/veil-f128)
   Compiling flock-prover v0.1.0 (/private/tmp/flock-profile-source-13341-1789050686471632000/crates/flock-prover)
    Finished `release` profile [optimized] target(s) in 20.72s
