   Compiling proc-macro2 v1.0.106
   Compiling quote v1.0.45
   Compiling unicode-ident v1.0.24
   Compiling serde_core v1.0.228
   Compiling version_check v0.9.5
   Compiling serde v1.0.228
   Compiling shlex v1.3.0
   Compiling typenum v1.20.0
   Compiling find-msvc-tools v0.1.9
   Compiling libc v0.2.186
   Compiling hashbrown v0.17.1
   Compiling cc v1.2.62
   Compiling equivalent v1.0.2
   Compiling generic-array v0.14.7
   Compiling zmij v1.0.21
   Compiling indexmap v2.14.0
   Compiling toml_write v0.1.2
   Compiling serde_json v1.0.150
   Compiling winnow v0.7.15
   Compiling memchr v2.8.1
   Compiling sha2-asm v0.6.4
   Compiling itoa v1.0.18
   Compiling cfg-if v1.0.4
   Compiling quick-xml v0.39.4
   Compiling syn v2.0.117
   Compiling cpufeatures v0.2.17
   Compiling crypto-common v0.1.7
   Compiling block-buffer v0.10.4
   Compiling digest v0.10.7
   Compiling sha2 v0.10.9
   Compiling serde_derive v1.0.228
   Compiling toml_datetime v0.6.11
   Compiling serde_spanned v0.6.9
   Compiling toml_edit v0.22.27
   Compiling toml v0.8.23
   Compiling flock-performance v0.1.0 (/private/tmp/flock-profile-source-13341-1789050686471632000/tools/performance)
    Finished `release` profile [optimized] target(s) in 10.90s
